// Jest Snapshot v1, https://goo.gl/fbAQLP

exports[`NavBar renders a snapshot properly 1`] = `
<nav
  className="navbar navbar-expand-lg navbar-dark bg-dark"
>
  <a
    className="navbar-brand"
    href="#"
  >
    <strong
      className="navbar-item"
    >
      Hello, World!
    </strong>
  </a>
  <button
    aria-controls="navbarSupportedContent"
    aria-expanded="false"
    aria-label="Toggle navigation"
    className="navbar-toggler"
    data-target="#navbarSupportedContent"
    data-toggle="collapse"
    type="button"
  >
    <span
      className="navbar-toggler-icon"
    />
  </button>
  <div
    className="collapse navbar-collapse"
    id="navbarSupportedContent"
  >
    <ul
      className="navbar-nav mr-auto"
    >
      <li
        className="nav-item"
      >
        <a
          className="nav-link"
          href="/"
          onClick={[Function]}
        >
          Home
        </a>
      </li>
      <li
        className="nav-item"
      >
        <a
          className="nav-link"
          href="/about"
          onClick={[Function]}
        >
          About
        </a>
      </li>
      <li
        className="nav-item"
      >
        <a
          className="nav-link"
          href="/status"
          onClick={[Function]}
        >
          User Status
        </a>
      </li>
    </ul>
    <ul
      className="navbar-nav mr-auto"
    >
      <li
        className="nav-item"
      >
        <a
          className="nav-link"
          href="/register"
          onClick={[Function]}
        >
          Register
        </a>
      </li>
      <li
        className="nav-item"
      >
        <a
          className="nav-link"
          href="/login"
          onClick={[Function]}
        >
          Log In
        </a>
      </li>
      <li
        className="nav-item"
      >
        <a
          className="nav-link"
          href="/logout"
          onClick={[Function]}
        >
          Log Out
        </a>
      </li>
    </ul>
  </div>
</nav>
`;
