// Jest Snapshot v1, https://goo.gl/fbAQLP

exports[`UsersList renders a snapshot properly 1`] = `
<div>
  <h2>
    All Users
  </h2>
  <table
    className="table"
  >
    <thead>
      <tr>
        <th
          scope="col"
        >
          #
        </th>
        <th
          scope="col"
        >
          ID
        </th>
        <th
          scope="col"
        >
          Username
        </th>
        <th
          scope="col"
        >
          Email
        </th>
        <th
          scope="col"
        >
          Active
        </th>
        <th
          scope="col"
        >
          Admin
        </th>
      </tr>
    </thead>
    <tbody>
      <tr
        id="user"
      >
        <th
          scope="row"
        >
          1
        </th>
        <td>
          1
        </td>
        <td>
          djacob
        </td>
        <td>
          dylan.jacob@bubblecore.net
        </td>
        <td>
          YES
        </td>
        <td>
          YES
        </td>
      </tr>
      <tr
        id="user"
      >
        <th
          scope="row"
        >
          2
        </th>
        <td>
          2
        </td>
        <td>
          kevin
        </td>
        <td>
          kwrussel@gmail.com
        </td>
        <td>
          YES
        </td>
        <td>
          NO
        </td>
      </tr>
    </tbody>
  </table>
</div>
`;
